// Jest Snapshot v1, https://goo.gl/fbAQLP

exports[`<SolCard /> renders correctly 1`] = `ShallowWrapper {}`;
